{"timestamp": "2026-09-10T07:19:46.925216+00:00", "level": "INFO", "logger": "app.main", "message": "Application started successfully"}
{"timestamp": "2026-09-10T07:20:24.699150+00:00", "level": "INFO", "logger": "app.crud", "message": "Authentication attempt", "event": "authentication_attempt", "operation": "login"}
{"timestamp": "2026-09-10T07:20:24.701177+00:00", "level": "WARNING", "logger": "app.crud", "message": "Authentication failed", "event": "authentication_failed", "operation": "login", "reason": "user_not_found"}
{"timestamp": "2026-09-10T07:21:02.035886+00:00", "level": "INFO", "logger": "app.main", "message": "Creating new user", "event": "user_creation_started", "operation": "create_user"}
{"timestamp": "2026-09-10T07:21:02.035886+00:00", "level": "INFO", "logger": "app.crud", "message": "Creating new user", "event": "user_creation_started", "operation": "create_user"}
{"timestamp": "2026-09-10T07:21:02.297072+00:00", "level": "INFO", "logger": "app.crud", "message": "User created successfully", "event": "user_created", "operation": "create_user", "user_id": 143}
{"timestamp": "2026-09-10T07:21:13.540919+00:00", "level": "INFO", "logger": "app.crud", "message": "Authentication attempt", "event": "authentication_attempt", "operation": "login"}
{"timestamp": "2026-09-10T07:21:13.756097+00:00", "level": "INFO", "logger": "app.crud", "message": "Authentication successful", "event": "authentication_success", "operation": "login", "user_id": 143}
{"timestamp": "2026-09-10T07:22:41.774403+00:00", "level": "INFO", "logger": "app.crud", "message": "Fetching users", "event": "users_fetch_started", "operation": "get_users", "page": 1, "page_size": 10}
{"timestamp": "2026-09-10T07:22:41.775070+00:00", "level": "INFO", "logger": "app.crud", "message": "Applying user search filter", "event": "user_search_applied", "operation": "get_users"}
{"timestamp": "2026-09-10T07:22:41.777306+00:00", "level": "INFO", "logger": "app.crud", "message": "Users fetched successfully", "event": "users_fetched", "operation": "get_users", "result_count": 0, "page": 1, "page_size": 10}
{"timestamp": "2026-09-10T07:22:59.824499+00:00", "level": "INFO", "logger": "app.crud", "message": "Fetching users", "event": "users_fetch_started", "operation": "get_users", "page": 1, "page_size": 10}
{"timestamp": "2026-09-10T07:22:59.824813+00:00", "level": "INFO", "logger": "app.crud", "message": "Applying user search filter", "event": "user_search_applied", "operation": "get_users"}
{"timestamp": "2026-09-10T07:22:59.831634+00:00", "level": "INFO", "logger": "app.crud", "message": "Users fetched successfully", "event": "users_fetched", "operation": "get_users", "result_count": 0, "page": 1, "page_size": 10}
{"timestamp": "2026-09-10T07:23:06.470231+00:00", "level": "INFO", "logger": "app.crud", "message": "Fetching users", "event": "users_fetch_started", "operation": "get_users", "page": 1, "page_size": 10}
{"timestamp": "2026-09-10T07:23:06.470841+00:00", "level": "INFO", "logger": "app.crud", "message": "Applying user search filter", "event": "user_search_applied", "operation": "get_users"}
{"timestamp": "2026-09-10T07:23:06.470841+00:00", "level": "INFO", "logger": "app.crud", "message": "Users fetched successfully", "event": "users_fetched", "operation": "get_users", "result_count": 0, "page": 1, "page_size": 10}
{"timestamp": "2026-09-10T07:23:14.707201+00:00", "level": "INFO", "logger": "app.crud", "message": "Fetching users", "event": "users_fetch_started", "operation": "get_users", "page": 1, "page_size": 10}
{"timestamp": "2026-09-10T07:23:14.708376+00:00", "level": "INFO", "logger": "app.crud", "message": "Applying user search filter", "event": "user_search_applied", "operation": "get_users"}
{"timestamp": "2026-09-10T07:23:14.710719+00:00", "level": "INFO", "logger": "app.crud", "message": "Users fetched successfully", "event": "users_fetched", "operation": "get_users", "result_count": 0, "page": 1, "page_size": 10}
{"timestamp": "2026-09-10T07:23:21.955498+00:00", "level": "INFO", "logger": "app.crud", "message": "Fetching users", "event": "users_fetch_started", "operation": "get_users", "page": 1, "page_size": 10}
{"timestamp": "2026-09-10T07:23:21.956254+00:00", "level": "INFO", "logger": "app.crud", "message": "Applying user search filter", "event": "user_search_applied", "operation": "get_users"}
{"timestamp": "2026-09-10T07:23:21.956254+00:00", "level": "INFO", "logger": "app.crud", "message": "Users fetched successfully", "event": "users_fetched", "operation": "get_users", "result_count": 0, "page": 1, "page_size": 10}
{"timestamp": "2026-09-10T07:24:39.808517+00:00", "level": "INFO", "logger": "app.crud", "message": "Fetching users", "event": "users_fetch_started", "operation": "get_users", "page": 1, "page_size": 10}
{"timestamp": "2026-09-10T07:24:39.808517+00:00", "level": "INFO", "logger": "app.crud", "message": "Applying user search filter", "event": "user_search_applied", "operation": "get_users"}
{"timestamp": "2026-09-10T07:24:39.814399+00:00", "level": "INFO", "logger": "app.crud", "message": "Users fetched successfully", "event": "users_fetched", "operation": "get_users", "result_count": 4, "page": 1, "page_size": 10}
{"timestamp": "2026-09-10T07:25:05.590188+00:00", "level": "INFO", "logger": "app.main", "message": "Application shut down successfully"}
{"timestamp": "2026-09-10T07:25:07.209133+00:00", "level": "INFO", "logger": "app.main", "message": "Application started successfully"}
{"timestamp": "2026-09-10T07:26:08.676320+00:00", "level": "INFO", "logger": "app.crud", "message": "Fetching users", "event": "users_fetch_started", "operation": "get_users", "page": 1, "page_size": 10}
{"timestamp": "2026-09-10T07:26:08.677848+00:00", "level": "INFO", "logger": "app.crud", "message": "Applying user search filter", "event": "user_search_applied", "operation": "get_users"}
{"timestamp": "2026-09-10T07:26:08.689595+00:00", "level": "INFO", "logger": "app.crud", "message": "Users fetched successfully", "event": "users_fetched", "operation": "get_users", "result_count": 4, "page": 1, "page_size": 10}
{"timestamp": "2026-09-10T07:26:10.341076+00:00", "level": "INFO", "logger": "app.main", "message": "Application started successfully"}
{"timestamp": "2026-09-10T07:26:23.656475+00:00", "level": "INFO", "logger": "app.crud", "message": "Authentication attempt", "event": "authentication_attempt", "operation": "login"}
{"timestamp": "2026-09-10T07:26:23.872248+00:00", "level": "INFO", "logger": "app.crud", "message": "Authentication successful", "event": "authentication_success", "operation": "login", "user_id": 143}
{"timestamp": "2026-09-10T07:27:11.464142+00:00", "level": "INFO", "logger": "app.crud", "message": "Fetching users", "event": "users_fetch_started", "operation": "get_users", "page": 1, "page_size": 10}
{"timestamp": "2026-09-10T07:27:11.464142+00:00", "level": "INFO", "logger": "app.crud", "message": "Applying user search filter", "event": "user_search_applied", "operation": "get_users"}
{"timestamp": "2026-09-10T07:27:11.464142+00:00", "level": "INFO", "logger": "app.crud", "message": "Users fetched successfully", "event": "users_fetched", "operation": "get_users", "result_count": 4, "page": 1, "page_size": 10}
{"timestamp": "2026-09-10T07:30:07.241829+00:00", "level": "INFO", "logger": "app.crud", "message": "Authentication attempt", "event": "authentication_attempt", "operation": "login"}
{"timestamp": "2026-09-10T07:30:07.452697+00:00", "level": "INFO", "logger": "app.crud", "message": "Authentication successful", "event": "authentication_success", "operation": "login", "user_id": 143}
{"timestamp": "2026-09-10T07:30:52.792905+00:00", "level": "INFO", "logger": "app.crud", "message": "Authentication attempt", "event": "authentication_attempt", "operation": "login"}
{"timestamp": "2026-09-10T07:30:52.996270+00:00", "level": "INFO", "logger": "app.crud", "message": "Authentication successful", "event": "authentication_success", "operation": "login", "user_id": 143}
{"timestamp": "2026-09-10T07:31:15.974538+00:00", "level": "INFO", "logger": "app.main", "message": "Application shut down successfully"}
{"timestamp": "2026-09-10T08:49:42.689893+00:00", "level": "INFO", "logger": "app.main", "message": "Application started successfully"}
{"timestamp": "2026-09-10T08:50:36.323161+00:00", "level": "INFO", "logger": "app.crud", "message": "Authentication attempt", "event": "authentication_attempt", "operation": "login"}
{"timestamp": "2026-09-10T08:50:36.650781+00:00", "level": "INFO", "logger": "app.crud", "message": "Authentication successful", "event": "authentication_success", "operation": "login", "user_id": 143}
{"timestamp": "2026-09-10T08:51:27.710976+00:00", "level": "INFO", "logger": "app.crud", "message": "Authentication attempt", "event": "authentication_attempt", "operation": "login"}
{"timestamp": "2026-09-10T08:51:27.961375+00:00", "level": "INFO", "logger": "app.crud", "message": "Authentication successful", "event": "authentication_success", "operation": "login", "user_id": 143}
{"timestamp": "2026-09-10T08:52:13.467875+00:00", "level": "INFO", "logger": "app.crud", "message": "Fetching user", "event": "user_fetch_started", "operation": "get_user", "user_id": 111}
{"timestamp": "2026-09-10T08:52:13.479292+00:00", "level": "INFO", "logger": "app.crud", "message": "User fetched successfully", "event": "user_fetched", "operation": "get_user", "user_id": 111}
{"timestamp": "2026-09-10T08:53:19.439847+00:00", "level": "INFO", "logger": "app.crud", "message": "Fetching user", "event": "user_fetch_started", "operation": "get_user", "user_id": 111}
{"timestamp": "2026-09-10T08:53:19.446559+00:00", "level": "INFO", "logger": "app.crud", "message": "User fetched successfully", "event": "user_fetched", "operation": "get_user", "user_id": 111}
{"timestamp": "2026-09-10T08:54:01.052985+00:00", "level": "INFO", "logger": "app.crud", "message": "Fetching users", "event": "users_fetch_started", "operation": "get_users", "page": 1, "page_size": 100}
{"timestamp": "2026-09-10T08:54:01.061667+00:00", "level": "INFO", "logger": "app.crud", "message": "Users fetched successfully", "event": "users_fetched", "operation": "get_users", "result_count": 100, "page": 1, "page_size": 100}
{"timestamp": "2026-09-10T08:56:13.707346+00:00", "level": "INFO", "logger": "app.main", "message": "Application shut down successfully"}
{"timestamp": "2026-09-10T11:41:44.268032+00:00", "level": "INFO", "logger": "app.main", "message": "Application started successfully"}
{"timestamp": "2026-09-10T11:42:28.532681+00:00", "level": "INFO", "logger": "app.crud", "message": "Authentication attempt", "event": "authentication_attempt", "operation": "login"}
{"timestamp": "2026-09-10T11:42:28.782565+00:00", "level": "INFO", "logger": "app.crud", "message": "Authentication successful", "event": "authentication_success", "operation": "login", "user_id": 143}
{"timestamp": "2026-09-10T12:49:26.354747+00:00", "level": "INFO", "logger": "app.main", "message": "Application shut down successfully"}
{"timestamp": "2026-09-11T06:00:43.231826+00:00", "level": "INFO", "logger": "app.main", "message": "Application started successfully"}
{"timestamp": "2026-09-11T06:01:01.758635+00:00", "level": "INFO", "logger": "app.crud", "message": "Authentication attempt", "event": "authentication_attempt", "operation": "login"}
{"timestamp": "2026-09-11T06:01:01.975241+00:00", "level": "INFO", "logger": "app.crud", "message": "Authentication successful", "event": "authentication_success", "operation": "login", "user_id": 143}
{"timestamp": "2026-09-11T06:01:56.798903+00:00", "level": "INFO", "logger": "app.main", "message": "Application shut down successfully"}
{"timestamp": "2026-09-11T06:04:58.669872+00:00", "level": "INFO", "logger": "app.main", "message": "Application started successfully"}
{"timestamp": "2026-09-11T06:05:57.859436+00:00", "level": "INFO", "logger": "app.main", "message": "Application shut down successfully"}
{"timestamp": "2026-09-11T06:06:01.700532+00:00", "level": "INFO", "logger": "app.main", "message": "Application started successfully"}
{"timestamp": "2026-09-11T06:06:45.218467+00:00", "level": "INFO", "logger": "app.main", "message": "Application shut down successfully"}
{"timestamp": "2026-09-11T06:08:59.380469+00:00", "level": "INFO", "logger": "app.main", "message": "Application started successfully"}
{"timestamp": "2026-09-11T06:09:23.461257+00:00", "level": "INFO", "logger": "app.crud", "message": "Authentication attempt", "event": "authentication_attempt", "operation": "login"}
{"timestamp": "2026-09-11T06:09:23.693653+00:00", "level": "INFO", "logger": "app.crud", "message": "Authentication successful", "event": "authentication_success", "operation": "login", "user_id": 143}
{"timestamp": "2026-09-11T06:10:40.313854+00:00", "level": "INFO", "logger": "app.main", "message": "Application shut down successfully"}
{"timestamp": "2026-09-11T06:21:39.625151+00:00", "level": "INFO", "logger": "app.main", "message": "Application started successfully"}
{"timestamp": "2026-09-11T06:28:26.826537+00:00", "level": "INFO", "logger": "app.main", "message": "Creating new user", "event": "user_creation_started", "operation": "create_user"}
{"timestamp": "2026-09-11T06:28:26.826537+00:00", "level": "INFO", "logger": "app.crud", "message": "Creating new user", "event": "user_creation_started", "operation": "create_user"}
{"timestamp": "2026-09-11T06:28:27.110636+00:00", "level": "ERROR", "logger": "app.crud", "message": "User creation failed", "event": "user_creation_error", "operation": "create_user", "error_type": "IntegrityError", "exception": "Traceback (most recent call last):\n  File \"C:\\Users\\Lenovo\\Documents\\ORM project 2\\.venv\\Lib\\site-packages\\sqlalchemy\\engine\\base.py\", line 1969, in _exec_single_context\n    self.dialect.do_execute(\n  File \"C:\\Users\\Lenovo\\Documents\\ORM project 2\\.venv\\Lib\\site-packages\\sqlalchemy\\engine\\default.py\", line 952, in do_execute\n    cursor.execute(statement, parameters)\n  File \"C:\\Users\\Lenovo\\Documents\\ORM project 2\\.venv\\Lib\\site-packages\\sqlalchemy\\dialects\\postgresql\\psycopg.py\", line 642, in execute\n    result = self.await_(self._cursor.execute(query, params, **kw))\n             ^^^^^^^^^^^^^^^^^^^^^^^^^^^^^^^^^^^^^^^^^^^^^^^^^^^^^^\n  File \"C:\\Users\\Lenovo\\Documents\\ORM project 2\\.venv\\Lib\\site-packages\\sqlalchemy\\util\\_concurrency_py3k.py\", line 132, in await_only\n    return current.parent.switch(awaitable)  # type: ignore[no-any-return,attr-defined] # noqa: E501\n           ^^^^^^^^^^^^^^^^^^^^^^^^^^^^^^^^\n  File \"C:\\Users\\Lenovo\\Documents\\ORM project 2\\.venv\\Lib\\site-packages\\sqlalchemy\\util\\_concurrency_py3k.py\", line 196, in greenlet_spawn\n    value = await result\n            ^^^^^^^^^^^^\n  File \"C:\\Users\\Lenovo\\Documents\\ORM project 2\\.venv\\Lib\\site-packages\\psycopg\\cursor_async.py\", line 117, in execute\n    raise ex.with_traceback(None)\npsycopg.errors.UniqueViolation: duplicate key value violates unique constraint \"ix_users_email\"\nDETAIL:  Key (email)=(string) already exists.\n\nThe above exception was the direct cause of the following exception:\n\nTraceback (most recent call last):\n  File \"C:\\Users\\Lenovo\\Documents\\ORM project 2\\app\\crud.py\", line 111, in create_user\n    await db.commit()\n  File \"C:\\Users\\Lenovo\\Documents\\ORM project 2\\.venv\\Lib\\site-packages\\sqlalchemy\\ext\\asyncio\\session.py\", line 999, in commit\n    await greenlet_spawn(self.sync_session.commit)\n  File \"C:\\Users\\Lenovo\\Documents\\ORM project 2\\.venv\\Lib\\site-packages\\sqlalchemy\\util\\_concurrency_py3k.py\", line 203, in greenlet_spawn\n    result = context.switch(value)\n             ^^^^^^^^^^^^^^^^^^^^^\n  File \"C:\\Users\\Lenovo\\Documents\\ORM project 2\\.venv\\Lib\\site-packages\\sqlalchemy\\orm\\session.py\", line 2035, in commit\n    trans.commit(_to_root=True)\n  File \"<string>\", line 2, in commit\n  File \"C:\\Users\\Lenovo\\Documents\\ORM project 2\\.venv\\Lib\\site-packages\\sqlalchemy\\orm\\state_changes.py\", line 137, in _go\n    ret_value = fn(self, *arg, **kw)\n                ^^^^^^^^^^^^^^^^^^^^\n  File \"C:\\Users\\Lenovo\\Documents\\ORM project 2\\.venv\\Lib\\site-packages\\sqlalchemy\\orm\\session.py\", line 1316, in commit\n    self._prepare_impl()\n  File \"<string>\", line 2, in _prepare_impl\n  File \"C:\\Users\\Lenovo\\Documents\\ORM project 2\\.venv\\Lib\\site-packages\\sqlalchemy\\orm\\state_changes.py\", line 137, in _go\n    ret_value = fn(self, *arg, **kw)\n                ^^^^^^^^^^^^^^^^^^^^\n  File \"C:\\Users\\Lenovo\\Documents\\ORM project 2\\.venv\\Lib\\site-packages\\sqlalchemy\\orm\\session.py\", line 1290, in _prepare_impl\n    self.session.flush()\n  File \"C:\\Users\\Lenovo\\Documents\\ORM project 2\\.venv\\Lib\\site-packages\\sqlalchemy\\orm\\session.py\", line 4353, in flush\n    self._flush(objects)\n  File \"C:\\Users\\Lenovo\\Documents\\ORM project 2\\.venv\\Lib\\site-packages\\sqlalchemy\\orm\\session.py\", line 4488, in _flush\n    with util.safe_reraise():\n  File \"C:\\Users\\Lenovo\\Documents\\ORM project 2\\.venv\\Lib\\site-packages\\sqlalchemy\\util\\langhelpers.py\", line 122, in __exit__\n    raise exc_value.with_traceback(exc_tb)\n  File \"C:\\Users\\Lenovo\\Documents\\ORM project 2\\.venv\\Lib\\site-packages\\sqlalchemy\\orm\\session.py\", line 4449, in _flush\n    flush_context.execute()\n  File \"C:\\Users\\Lenovo\\Documents\\ORM project 2\\.venv\\Lib\\site-packages\\sqlalchemy\\orm\\unitofwork.py\", line 465, in execute\n    rec.execute(self)\n  File \"C:\\Users\\Lenovo\\Documents\\ORM project 2\\.venv\\Lib\\site-packages\\sqlalchemy\\orm\\unitofwork.py\", line 641, in execute\n    util.preloaded.orm_persistence.save_obj(\n  File \"C:\\Users\\Lenovo\\Documents\\ORM project 2\\.venv\\Lib\\site-packages\\sqlalchemy\\orm\\persistence.py\", line 94, in save_obj\n    _emit_insert_statements(\n  File \"C:\\Users\\Lenovo\\Documents\\ORM project 2\\.venv\\Lib\\site-packages\\sqlalchemy\\orm\\persistence.py\", line 1234, in _emit_insert_statements\n    result = connection.execute(\n             ^^^^^^^^^^^^^^^^^^^\n  File \"C:\\Users\\Lenovo\\Documents\\ORM project 2\\.venv\\Lib\\site-packages\\sqlalchemy\\engine\\base.py\", line 1421, in execute\n    return meth(\n           ^^^^^\n  File \"C:\\Users\\Lenovo\\Documents\\ORM project 2\\.venv\\Lib\\site-packages\\sqlalchemy\\sql\\elements.py\", line 526, in _execute_on_connection\n    return connection._execute_clauseelement(\n           ^^^^^^^^^^^^^^^^^^^^^^^^^^^^^^^^^^\n  File \"C:\\Users\\Lenovo\\Documents\\ORM project 2\\.venv\\Lib\\site-packages\\sqlalchemy\\engine\\base.py\", line 1643, in _execute_clauseelement\n    ret = self._execute_context(\n          ^^^^^^^^^^^^^^^^^^^^^^\n  File \"C:\\Users\\Lenovo\\Documents\\ORM project 2\\.venv\\Lib\\site-packages\\sqlalchemy\\engine\\base.py\", line 1848, in _execute_context\n    return self._exec_single_context(\n           ^^^^^^^^^^^^^^^^^^^^^^^^^^\n  File \"C:\\Users\\Lenovo\\Documents\\ORM project 2\\.venv\\Lib\\site-packages\\sqlalchemy\\engine\\base.py\", line 1988, in _exec_single_context\n    self._handle_dbapi_exception(\n  File \"C:\\Users\\Lenovo\\Documents\\ORM project 2\\.venv\\Lib\\site-packages\\sqlalchemy\\engine\\base.py\", line 2365, in _handle_dbapi_exception\n    raise sqlalchemy_exception.with_traceback(exc_info[2]) from e\n  File \"C:\\Users\\Lenovo\\Documents\\ORM project 2\\.venv\\Lib\\site-packages\\sqlalchemy\\engine\\base.py\", line 1969, in _exec_single_context\n    self.dialect.do_execute(\n  File \"C:\\Users\\Lenovo\\Documents\\ORM project 2\\.venv\\Lib\\site-packages\\sqlalchemy\\engine\\default.py\", line 952, in do_execute\n    cursor.execute(statement, parameters)\n  File \"C:\\Users\\Lenovo\\Documents\\ORM project 2\\.venv\\Lib\\site-packages\\sqlalchemy\\dialects\\postgresql\\psycopg.py\", line 642, in execute\n    result = self.await_(self._cursor.execute(query, params, **kw))\n             ^^^^^^^^^^^^^^^^^^^^^^^^^^^^^^^^^^^^^^^^^^^^^^^^^^^^^^\n  File \"C:\\Users\\Lenovo\\Documents\\ORM project 2\\.venv\\Lib\\site-packages\\sqlalchemy\\util\\_concurrency_py3k.py\", line 132, in await_only\n    return current.parent.switch(awaitable)  # type: ignore[no-any-return,attr-defined] # noqa: E501\n           ^^^^^^^^^^^^^^^^^^^^^^^^^^^^^^^^\n  File \"C:\\Users\\Lenovo\\Documents\\ORM project 2\\.venv\\Lib\\site-packages\\sqlalchemy\\util\\_concurrency_py3k.py\", line 196, in greenlet_spawn\n    value = await result\n            ^^^^^^^^^^^^\n  File \"C:\\Users\\Lenovo\\Documents\\ORM project 2\\.venv\\Lib\\site-packages\\psycopg\\cursor_async.py\", line 117, in execute\n    raise ex.with_traceback(None)\nsqlalchemy.exc.IntegrityError: (psycopg.errors.UniqueViolation) duplicate key value violates unique constraint \"ix_users_email\"\nDETAIL:  Key (email)=(string) already exists.\n[SQL: INSERT INTO users (name, email, password_hash) VALUES (%(name)s::VARCHAR, %(email)s::VARCHAR, %(password_hash)s::VARCHAR) RETURNING users.id]\n[parameters: {'name': 'string', 'email': 'string', 'password_hash': '$2b$12$mGVG7LBohWZa6HToZQSnKuDUIPLhR2TlwwRQW2t.8yvW0Y.ZQ8fba'}]\n(Background on this error at: https://sqlalche.me/e/20/gkpj)"}
{"timestamp": "2026-09-11T06:28:40.323181+00:00", "level": "INFO", "logger": "app.crud", "message": "Authentication attempt", "event": "authentication_attempt", "operation": "login"}
{"timestamp": "2026-09-11T06:28:40.576233+00:00", "level": "INFO", "logger": "app.crud", "message": "Authentication successful", "event": "authentication_success", "operation": "login", "user_id": 143}
{"timestamp": "2026-09-11T06:29:08.169644+00:00", "level": "INFO", "logger": "app.crud", "message": "Authentication attempt", "event": "authentication_attempt", "operation": "login"}
{"timestamp": "2026-09-11T06:29:08.401902+00:00", "level": "INFO", "logger": "app.crud", "message": "Authentication successful", "event": "authentication_success", "operation": "login", "user_id": 143}
{"timestamp": "2026-09-11T06:31:45.359888+00:00", "level": "INFO", "logger": "app.main", "message": "Application shut down successfully"}
